To honour the JVM settings for this build a single-use Daemon process will be forked. For more on this, please refer to https://docs.gradle.org/9.5.1/userguide/gradle_daemon.html#sec:disabling_the_daemon in the Gradle documentation.
Daemon will be stopped at the end of the build 
Reusing configuration cache.
> Task :app:preBuild UP-TO-DATE
> Task :shared:preBuild UP-TO-DATE
> Task :app:preDebugBuild UP-TO-DATE
> Task :shared:preDebugBuild UP-TO-DATE
> Task :app:generateDebugBuildConfig UP-TO-DATE
> Task :shared:javaPreCompileDebug UP-TO-DATE
> Task :shared:processDebugNavigationResources UP-TO-DATE
> Task :shared:generateDebugResources UP-TO-DATE
> Task :shared:packageDebugResources UP-TO-DATE
> Task :app:generateDebugResources UP-TO-DATE
> Task :shared:parseDebugLocalResources UP-TO-DATE
> Task :shared:generateDebugRFile UP-TO-DATE
> Task :app:packageDebugResources UP-TO-DATE
> Task :shared:compileDebugKotlin UP-TO-DATE
> Task :shared:compileDebugJavaWithJavac NO-SOURCE
> Task :shared:bundleLibCompileToJarDebug UP-TO-DATE
> Task :app:processDebugNavigationResources UP-TO-DATE
> Task :app:parseDebugLocalResources UP-TO-DATE
> Task :app:generateDebugRFile UP-TO-DATE
> Task :app:kspDebugKotlin UP-TO-DATE

> Task :app:compileDebugKotlin
.\gradlew : e: file:///D:/Downloads/PixelMusic/PixelPlayer/app/src/main/java/com/unshoo/pixelmusic/presentation/compone
nts/ShareBottomSheet.kt:50:12 Unresolved reference 'dev'.
At line:1 char:1
+ .\gradlew :app:compileDebugKotlin --no-daemon 2>&1 | Out-File -FilePa ...
+ ~~~~~~~~~~~~~~~~~~~~~~~~~~~~~~~~~~~~~~~~~~~~~~~~~~
    + CategoryInfo          : NotSpecified: (e: file:///D:/D...eference 'dev'.:String) [], RemoteException
    + FullyQualifiedErrorId : NativeCommandError
 
e: file:///D:/Downloads/PixelMusic/PixelPlayer/app/src/main/java/com/unshoo/pixelmusic/presentation/components/ShareBot
tomSheet.kt:51:12 Unresolved reference 'dev'.
e: file:///D:/Downloads/PixelMusic/PixelPlayer/app/src/main/java/com/unshoo/pixelmusic/presentation/components/ShareBot
tomSheet.kt:90:29 Unresolved reference 'rememberCaptureController'.
e: file:///D:/Downloads/PixelMusic/PixelPlayer/app/src/main/java/com/unshoo/pixelmusic/presentation/components/ShareBot
tomSheet.kt:254:34 Unresolved reference 'capturable'.
e: file:///D:/Downloads/PixelMusic/PixelPlayer/app/src/main/java/com/unshoo/pixelmusic/presentation/components/player/F
ullPlayerContent.kt:1002:9 Unresolved reference 'ShareBottomSheet'.

> Task :app:compileDebugKotlin FAILED

FAILURE: Build failed with an exception.

* What went wrong:
Execution failed for task ':app:compileDebugKotlin' (registered by plugin 'com.android.internal.application').
> A failure occurred while executing org.jetbrains.kotlin.compilerRunner.btapi.BuildToolsApiCompilationWork
   > Compilation error. See log for more details

* Try:
> Run with --stacktrace option to get the stack trace.
> Run with --info or --debug option to get more log output.
> Run with --scan to get full insights from a Build Scan (powered by Develocity).
> Get more help at https://help.gradle.org.

16 actionable tasks: 1 executed, 15 up-to-date
BUILD FAILED in 20s
Configuration cache entry reused.
